07/07/2025 14:40:44 [Project.Client.Client] ([32mINFO[0m):
> Client Created
07/07/2025 14:40:44 [Project.Client.Client] ([32mINFO[0m):
> Client starting
07/07/2025 14:40:44 [Project.Client.Client] ([32mINFO[0m):
> Waiting for input
07/07/2025 14:41:39 [Project.Client.Client] ([32mINFO[0m):
> [0;33mName set to Client1[0m
07/07/2025 14:41:44 [Project.Client.Client] ([32mINFO[0m):
> Client connected
07/07/2025 14:41:44 [Project.Client.Client] ([32mINFO[0m):
> [0;32mConnected[0m
07/07/2025 14:41:44 [Project.Client.Client] ([32mINFO[0m):
> [0;34mRoom[lobby] You joined the room[0m
07/07/2025 14:41:53 [Project.Client.Client] ([32mINFO[0m):
> [0;34mRoom[lobby] Client2#2 joined the room[0m
07/07/2025 14:42:00 [Project.Client.Client] ([32mINFO[0m):
> [0;34mRoom[lobby] Client3#3 joined the room[0m
07/07/2025 14:54:54 [Project.Client.Client] ([33mWARNING[0m):
> Connection dropped
07/07/2025 14:54:54 [Project.Client.Client] ([32mINFO[0m):
> Closing output stream
07/07/2025 14:54:54 [Project.Client.Client] ([32mINFO[0m):
> Closing input stream
07/07/2025 14:54:54 [Project.Client.Client] ([32mINFO[0m):
> Closing connection
07/07/2025 14:54:54 [Project.Client.Client] ([32mINFO[0m):
> Closed Socket
07/07/2025 14:54:54 [Project.Client.Client] ([32mINFO[0m):
> listenToServer thread stopped
07/07/2025 14:55:13 [Project.Client.Client] ([33mWARNING[0m):
> Not connected to server (hint: type `/connect host:port` without the quotes and replace host/port with the necessary info)
07/07/2025 15:00:11 [Project.Client.Client] ([32mINFO[0m):
> Client Created
07/07/2025 15:00:11 [Project.Client.Client] ([32mINFO[0m):
> Client starting
07/07/2025 15:00:11 [Project.Client.Client] ([32mINFO[0m):
> Waiting for input
07/07/2025 15:00:15 [Project.Client.Client] ([33mWARNING[0m):
> Not connected to server (hint: type `/connect host:port` without the quotes and replace host/port with the necessary info)
07/07/2025 15:00:21 [Project.Client.Client] ([32mINFO[0m):
> Client Created
07/07/2025 15:00:21 [Project.Client.Client] ([32mINFO[0m):
> Client starting
07/07/2025 15:00:21 [Project.Client.Client] ([32mINFO[0m):
> Waiting for input
07/07/2025 15:25:27 [Project.Client.Client] ([32mINFO[0m):
> Client Created
07/07/2025 15:25:27 [Project.Client.Client] ([32mINFO[0m):
> Client starting
07/07/2025 15:25:27 [Project.Client.Client] ([32mINFO[0m):
> Waiting for input
07/07/2025 15:25:49 [Project.Client.Client] ([32mINFO[0m):
> [0;33mName set to Bob[0m
07/07/2025 15:26:04 [Project.Client.Client] ([32mINFO[0m):
> Client connected
07/07/2025 15:26:04 [Project.Client.Client] ([32mINFO[0m):
> [0;32mConnected[0m
07/07/2025 15:26:04 [Project.Client.Client] ([32mINFO[0m):
> [0;34mRoom[lobby] You joined the room[0m
07/07/2025 15:26:06 [Project.Client.Client] ([32mINFO[0m):
> [0;34mRoom[lobby] Charlie#3 joined the room[0m
07/07/2025 15:26:26 [Project.Client.Client] ([32mINFO[0m):
> [0;34mRoom[lobby] Alice#1 left the room[0m
07/07/2025 15:26:33 [Project.Client.Client] ([32mINFO[0m):
> [0;34mRoom[lobby] You left the room[0m
07/07/2025 15:26:33 [Project.Client.Client] ([32mINFO[0m):
> [0;34mRoom[testroom] You joined the room[0m
07/07/2025 15:26:34 [Project.Client.Client] ([32mINFO[0m):
> [0;34mRoom[testroom] Charlie#3 joined the room[0m
07/07/2025 15:31:44 [Project.Client.Client] ([32mINFO[0m):
> [0;34mAlice#1: Hello?[0m
07/07/2025 15:31:55 [Project.Client.Client] ([32mINFO[0m):
> [0;34mCharlie#3: Hey Alice! How is everything going?[0m
07/07/2025 15:32:00 [Project.Client.Client] ([32mINFO[0m):
> [0;34mBob#2: Hey Guys!!!![0m
07/07/2025 15:32:11 [Project.Client.Client] ([32mINFO[0m):
> [0;34mAlice#1: All good, what about you Charlie?[0m
07/07/2025 15:32:16 [Project.Client.Client] ([32mINFO[0m):
> [0;34mAlice#1: Hello Bob[0m
07/07/2025 15:40:32 [Project.Client.Client] ([32mINFO[0m):
> [0;34mRoom[testroom]: Charlie#3 disconnected[0m
07/07/2025 15:40:34 [Project.Client.Client] ([33mWARNING[0m):
> Connection dropped
07/07/2025 15:40:34 [Project.Client.Client] ([32mINFO[0m):
> Closing output stream
07/07/2025 15:40:34 [Project.Client.Client] ([32mINFO[0m):
> Closing input stream
07/07/2025 15:40:34 [Project.Client.Client] ([32mINFO[0m):
> Closing connection
07/07/2025 15:40:34 [Project.Client.Client] ([32mINFO[0m):
> Closed Socket
07/07/2025 15:40:34 [Project.Client.Client] ([32mINFO[0m):
> listenToServer thread stopped
07/07/2025 15:43:09 [Project.Client.Client] ([32mINFO[0m):
> Client Created
07/07/2025 15:43:09 [Project.Client.Client] ([32mINFO[0m):
> Client starting
07/07/2025 15:43:09 [Project.Client.Client] ([32mINFO[0m):
> Waiting for input
07/07/2025 15:43:37 [Project.Client.Client] ([32mINFO[0m):
> Client Created
07/07/2025 15:43:37 [Project.Client.Client] ([32mINFO[0m):
> Client starting
07/07/2025 15:43:37 [Project.Client.Client] ([32mINFO[0m):
> Waiting for input
07/07/2025 15:44:09 [Project.Client.Client] ([32mINFO[0m):
> Client Created
07/07/2025 15:44:09 [Project.Client.Client] ([32mINFO[0m):
> Client starting
07/07/2025 15:44:10 [Project.Client.Client] ([32mINFO[0m):
> Waiting for input
07/07/2025 15:44:23 [Project.Client.Client] ([32mINFO[0m):
> [0;33mName set to Bob[0m
07/07/2025 15:44:54 [Project.Client.Client] ([32mINFO[0m):
> Client Created
07/07/2025 15:44:54 [Project.Client.Client] ([32mINFO[0m):
> Client starting
07/07/2025 15:44:54 [Project.Client.Client] ([32mINFO[0m):
> Waiting for input
07/07/2025 15:45:02 [Project.Client.Client] ([32mINFO[0m):
> [0;33mName set to Alice[0m
07/07/2025 15:45:24 [Project.Client.Client] ([32mINFO[0m):
> Client connected
07/07/2025 15:45:24 [Project.Client.Client] ([32mINFO[0m):
> [0;32mConnected[0m
07/07/2025 15:45:24 [Project.Client.Client] ([32mINFO[0m):
> [0;34mRoom[lobby] You joined the room[0m
07/07/2025 15:45:26 [Project.Client.Client] ([32mINFO[0m):
> [0;34mRoom[lobby] Bob#2 joined the room[0m
07/07/2025 15:45:27 [Project.Client.Client] ([32mINFO[0m):
> [0;34mRoom[lobby] Charlie#3 joined the room[0m
07/07/2025 15:45:31 [Project.Client.Client] ([33mWARNING[0m):
> Connection dropped
07/07/2025 15:45:31 [Project.Client.Client] ([32mINFO[0m):
> Closing output stream
07/07/2025 15:45:31 [Project.Client.Client] ([32mINFO[0m):
> Closing input stream
07/07/2025 15:45:31 [Project.Client.Client] ([32mINFO[0m):
> Closing connection
07/07/2025 15:45:31 [Project.Client.Client] ([32mINFO[0m):
> Closed Socket
07/07/2025 15:45:31 [Project.Client.Client] ([32mINFO[0m):
> listenToServer thread stopped
07/07/2025 15:46:52 [Project.Client.Client] ([32mINFO[0m):
> Client connected
07/07/2025 15:46:52 [Project.Client.Client] ([33mWARNING[0m):
> [0;33mClient ID already set, this shouldn't happen[0m
07/07/2025 15:46:52 [Project.Client.Client] ([32mINFO[0m):
> [0;32mConnected[0m
07/07/2025 15:46:52 [Project.Client.Client] ([32mINFO[0m):
> [0;34mRoom[lobby] You joined the room[0m
07/07/2025 15:46:52 [Project.Client.Client] ([32mINFO[0m):
> [0;34mRoom[lobby] Bob#2 joined the room[0m
07/07/2025 15:46:55 [Project.Client.Client] ([32mINFO[0m):
> [0;34mRoom[lobby] Charlie#3 joined the room[0m
07/07/2025 15:48:08 [Project.Client.Client] ([32mINFO[0m):
> [0;34mRoom[lobby]: Charlie#3 disconnected[0m
07/07/2025 15:48:09 [Project.Client.Client] ([32mINFO[0m):
> [0;34mRoom[lobby]: Bob#2 disconnected[0m
