07/07/2025 14:30:51 [Project.Server.Server] ([32mINFO[0m):
> Server Starting
07/07/2025 14:30:51 [Project.Server.Server] ([32mINFO[0m):
> [0;33mServer: Listening on port 3000[0m
07/07/2025 14:30:51 [Project.Server.Room] ([32mINFO[0m):
> [0;35mRoom[lobby]: Created[0m
07/07/2025 14:30:51 [Project.Server.Server] ([32mINFO[0m):
> [0;33mServer: Created new Room lobby[0m
07/07/2025 14:30:51 [Project.Server.Server] ([32mINFO[0m):
> [0;33mServer: Waiting for next client[0m
07/07/2025 14:38:21 [Project.Server.Server] ([32mINFO[0m):
> [0;33mServer: JVM is shutting down. Perform cleanup tasks.[0m
07/07/2025 14:40:07 [Project.Server.Server] ([32mINFO[0m):
> Server Starting
07/07/2025 14:40:07 [Project.Server.Server] ([32mINFO[0m):
> [0;33mServer: Listening on port 3000[0m
07/07/2025 14:40:07 [Project.Server.Room] ([32mINFO[0m):
> [0;35mRoom[lobby]: Created[0m
07/07/2025 14:40:07 [Project.Server.Server] ([32mINFO[0m):
> [0;33mServer: Created new Room lobby[0m
07/07/2025 14:40:07 [Project.Server.Server] ([32mINFO[0m):
> [0;33mServer: Waiting for next client[0m
07/07/2025 14:41:44 [Project.Server.Server] ([32mINFO[0m):
> [0;33mServer: Client connected[0m
07/07/2025 14:41:44 [Project.Server.ServerThread] ([32mINFO[0m):
> [0;36mThread[-1]: ServerThread created[0m
07/07/2025 14:41:44 [Project.Server.Server] ([32mINFO[0m):
> [0;33mServer: Waiting for next client[0m
07/07/2025 14:41:44 [Project.Server.ServerThread] ([32mINFO[0m):
> [0;36mThread[-1]: Thread starting[0m
07/07/2025 14:41:44 [Project.Server.ServerThread] ([32mINFO[0m):
> [0;36mThread[-1]: Received from my client: Payload[CLIENT_CONNECT] Client Id [0] Message: [null] ClientName: [Client1][0m
07/07/2025 14:41:44 [Project.Server.ServerThread] ([32mINFO[0m):
> [0;36mThread[1]: Sending to client: Payload[CLIENT_ID] Client Id [1] Message: [null] ClientName: [Client1][0m
07/07/2025 14:41:44 [Project.Server.Server] ([32mINFO[0m):
> [0;33mServer: *Client1#1 initialized*[0m
07/07/2025 14:41:44 [Project.Server.ServerThread] ([32mINFO[0m):
> [0;36mThread[1]: Sending to client: Payload[ROOM_JOIN] Client Id [-1] Message: [null] ClientName: [null][0m
07/07/2025 14:41:44 [Project.Server.ServerThread] ([32mINFO[0m):
> [0;36mThread[1]: Sending to client: Payload[ROOM_JOIN] Client Id [1] Message: [null] ClientName: [Client1][0m
07/07/2025 14:41:44 [Project.Server.ServerThread] ([32mINFO[0m):
> [0;36mThread[1]: Sending to client: Payload[MESSAGE] Client Id [1] Message: [Room[lobby] You joined the room][0m
07/07/2025 14:41:44 [Project.Server.Server] ([32mINFO[0m):
> [0;33mServer: *Client1#1 added to Lobby*[0m
07/07/2025 14:41:53 [Project.Server.Server] ([32mINFO[0m):
> [0;33mServer: Client connected[0m
07/07/2025 14:41:53 [Project.Server.ServerThread] ([32mINFO[0m):
> [0;36mThread[-1]: ServerThread created[0m
07/07/2025 14:41:53 [Project.Server.Server] ([32mINFO[0m):
> [0;33mServer: Waiting for next client[0m
07/07/2025 14:41:53 [Project.Server.ServerThread] ([32mINFO[0m):
> [0;36mThread[-1]: Thread starting[0m
07/07/2025 14:41:53 [Project.Server.ServerThread] ([32mINFO[0m):
> [0;36mThread[-1]: Received from my client: Payload[CLIENT_CONNECT] Client Id [0] Message: [null] ClientName: [Client2][0m
07/07/2025 14:41:53 [Project.Server.ServerThread] ([32mINFO[0m):
> [0;36mThread[2]: Sending to client: Payload[CLIENT_ID] Client Id [2] Message: [null] ClientName: [Client2][0m
07/07/2025 14:41:53 [Project.Server.Server] ([32mINFO[0m):
> [0;33mServer: *Client2#2 initialized*[0m
07/07/2025 14:41:53 [Project.Server.ServerThread] ([32mINFO[0m):
> [0;36mThread[2]: Sending to client: Payload[ROOM_JOIN] Client Id [-1] Message: [null] ClientName: [null][0m
07/07/2025 14:41:53 [Project.Server.ServerThread] ([32mINFO[0m):
> [0;36mThread[2]: Sending to client: Payload[SYNC_CLIENT] Client Id [1] Message: [null] ClientName: [Client1][0m
07/07/2025 14:41:53 [Project.Server.ServerThread] ([32mINFO[0m):
> [0;36mThread[1]: Sending to client: Payload[ROOM_JOIN] Client Id [2] Message: [null] ClientName: [Client2][0m
07/07/2025 14:41:53 [Project.Server.ServerThread] ([32mINFO[0m):
> [0;36mThread[1]: Sending to client: Payload[MESSAGE] Client Id [2] Message: [Room[lobby] Client2#2 joined the room][0m
07/07/2025 14:41:53 [Project.Server.ServerThread] ([32mINFO[0m):
> [0;36mThread[2]: Sending to client: Payload[ROOM_JOIN] Client Id [2] Message: [null] ClientName: [Client2][0m
07/07/2025 14:41:53 [Project.Server.ServerThread] ([32mINFO[0m):
> [0;36mThread[2]: Sending to client: Payload[MESSAGE] Client Id [2] Message: [Room[lobby] You joined the room][0m
07/07/2025 14:41:53 [Project.Server.Server] ([32mINFO[0m):
> [0;33mServer: *Client2#2 added to Lobby*[0m
07/07/2025 14:42:00 [Project.Server.Server] ([32mINFO[0m):
> [0;33mServer: Client connected[0m
07/07/2025 14:42:00 [Project.Server.ServerThread] ([32mINFO[0m):
> [0;36mThread[-1]: ServerThread created[0m
07/07/2025 14:42:00 [Project.Server.Server] ([32mINFO[0m):
> [0;33mServer: Waiting for next client[0m
07/07/2025 14:42:00 [Project.Server.ServerThread] ([32mINFO[0m):
> [0;36mThread[-1]: Thread starting[0m
07/07/2025 14:42:00 [Project.Server.ServerThread] ([32mINFO[0m):
> [0;36mThread[-1]: Received from my client: Payload[CLIENT_CONNECT] Client Id [0] Message: [null] ClientName: [Client3][0m
07/07/2025 14:42:00 [Project.Server.ServerThread] ([32mINFO[0m):
> [0;36mThread[3]: Sending to client: Payload[CLIENT_ID] Client Id [3] Message: [null] ClientName: [Client3][0m
07/07/2025 14:42:00 [Project.Server.Server] ([32mINFO[0m):
> [0;33mServer: *Client3#3 initialized*[0m
07/07/2025 14:42:00 [Project.Server.ServerThread] ([32mINFO[0m):
> [0;36mThread[3]: Sending to client: Payload[ROOM_JOIN] Client Id [-1] Message: [null] ClientName: [null][0m
07/07/2025 14:42:00 [Project.Server.ServerThread] ([32mINFO[0m):
> [0;36mThread[3]: Sending to client: Payload[SYNC_CLIENT] Client Id [1] Message: [null] ClientName: [Client1][0m
07/07/2025 14:42:00 [Project.Server.ServerThread] ([32mINFO[0m):
> [0;36mThread[3]: Sending to client: Payload[SYNC_CLIENT] Client Id [2] Message: [null] ClientName: [Client2][0m
07/07/2025 14:42:00 [Project.Server.ServerThread] ([32mINFO[0m):
> [0;36mThread[1]: Sending to client: Payload[ROOM_JOIN] Client Id [3] Message: [null] ClientName: [Client3][0m
07/07/2025 14:42:00 [Project.Server.ServerThread] ([32mINFO[0m):
> [0;36mThread[1]: Sending to client: Payload[MESSAGE] Client Id [3] Message: [Room[lobby] Client3#3 joined the room][0m
07/07/2025 14:42:00 [Project.Server.ServerThread] ([32mINFO[0m):
> [0;36mThread[2]: Sending to client: Payload[ROOM_JOIN] Client Id [3] Message: [null] ClientName: [Client3][0m
07/07/2025 14:42:00 [Project.Server.ServerThread] ([32mINFO[0m):
> [0;36mThread[2]: Sending to client: Payload[MESSAGE] Client Id [3] Message: [Room[lobby] Client3#3 joined the room][0m
07/07/2025 14:42:00 [Project.Server.ServerThread] ([32mINFO[0m):
> [0;36mThread[3]: Sending to client: Payload[ROOM_JOIN] Client Id [3] Message: [null] ClientName: [Client3][0m
07/07/2025 14:42:00 [Project.Server.ServerThread] ([32mINFO[0m):
> [0;36mThread[3]: Sending to client: Payload[MESSAGE] Client Id [3] Message: [Room[lobby] You joined the room][0m
07/07/2025 14:42:00 [Project.Server.Server] ([32mINFO[0m):
> [0;33mServer: *Client3#3 added to Lobby*[0m
07/07/2025 14:59:55 [Project.Server.Server] ([32mINFO[0m):
> Server Starting
07/07/2025 14:59:55 [Project.Server.Server] ([32mINFO[0m):
> [0;33mServer: Listening on port 3000[0m
07/07/2025 14:59:55 [Project.Server.Room] ([32mINFO[0m):
> [0;35mRoom[lobby]: Created[0m
07/07/2025 14:59:55 [Project.Server.Server] ([32mINFO[0m):
> [0;33mServer: Created new Room lobby[0m
07/07/2025 14:59:55 [Project.Server.Server] ([32mINFO[0m):
> [0;33mServer: Waiting for next client[0m
07/07/2025 15:03:25 [Project.Server.Server] ([32mINFO[0m):
> [0;33mServer: Client connected[0m
07/07/2025 15:03:25 [Project.Server.ServerThread] ([32mINFO[0m):
> [0;36mThread[-1]: ServerThread created[0m
07/07/2025 15:03:25 [Project.Server.Server] ([32mINFO[0m):
> [0;33mServer: Waiting for next client[0m
07/07/2025 15:03:25 [Project.Server.ServerThread] ([32mINFO[0m):
> [0;36mThread[-1]: Thread starting[0m
07/07/2025 15:03:25 [Project.Server.ServerThread] ([32mINFO[0m):
> [0;36mThread[-1]: Received from my client: Payload[CLIENT_CONNECT] Client Id [0] Message: [null] ClientName: [Bob][0m
07/07/2025 15:03:25 [Project.Server.ServerThread] ([32mINFO[0m):
> [0;36mThread[1]: Sending to client: Payload[CLIENT_ID] Client Id [1] Message: [null] ClientName: [Bob][0m
07/07/2025 15:03:25 [Project.Server.Server] ([32mINFO[0m):
> [0;33mServer: *Bob#1 initialized*[0m
07/07/2025 15:03:25 [Project.Server.ServerThread] ([32mINFO[0m):
> [0;36mThread[1]: Sending to client: Payload[ROOM_JOIN] Client Id [-1] Message: [null] ClientName: [null][0m
07/07/2025 15:03:25 [Project.Server.ServerThread] ([32mINFO[0m):
> [0;36mThread[1]: Sending to client: Payload[ROOM_JOIN] Client Id [1] Message: [null] ClientName: [Bob][0m
07/07/2025 15:03:25 [Project.Server.ServerThread] ([32mINFO[0m):
> [0;36mThread[1]: Sending to client: Payload[MESSAGE] Client Id [1] Message: [Room[lobby] You joined the room][0m
07/07/2025 15:03:25 [Project.Server.Server] ([32mINFO[0m):
> [0;33mServer: *Bob#1 added to Lobby*[0m
07/07/2025 15:03:26 [Project.Server.Server] ([32mINFO[0m):
> [0;33mServer: Client connected[0m
07/07/2025 15:03:26 [Project.Server.ServerThread] ([32mINFO[0m):
> [0;36mThread[-1]: ServerThread created[0m
07/07/2025 15:03:26 [Project.Server.Server] ([32mINFO[0m):
> [0;33mServer: Waiting for next client[0m
07/07/2025 15:03:26 [Project.Server.ServerThread] ([32mINFO[0m):
> [0;36mThread[-1]: Thread starting[0m
07/07/2025 15:03:26 [Project.Server.ServerThread] ([32mINFO[0m):
> [0;36mThread[-1]: Received from my client: Payload[CLIENT_CONNECT] Client Id [0] Message: [null] ClientName: [Alice][0m
07/07/2025 15:03:26 [Project.Server.ServerThread] ([32mINFO[0m):
> [0;36mThread[2]: Sending to client: Payload[CLIENT_ID] Client Id [2] Message: [null] ClientName: [Alice][0m
07/07/2025 15:03:26 [Project.Server.Server] ([32mINFO[0m):
> [0;33mServer: *Alice#2 initialized*[0m
07/07/2025 15:03:26 [Project.Server.ServerThread] ([32mINFO[0m):
> [0;36mThread[2]: Sending to client: Payload[ROOM_JOIN] Client Id [-1] Message: [null] ClientName: [null][0m
07/07/2025 15:03:26 [Project.Server.ServerThread] ([32mINFO[0m):
> [0;36mThread[2]: Sending to client: Payload[SYNC_CLIENT] Client Id [1] Message: [null] ClientName: [Bob][0m
07/07/2025 15:03:26 [Project.Server.ServerThread] ([32mINFO[0m):
> [0;36mThread[1]: Sending to client: Payload[ROOM_JOIN] Client Id [2] Message: [null] ClientName: [Alice][0m
07/07/2025 15:03:26 [Project.Server.ServerThread] ([32mINFO[0m):
> [0;36mThread[1]: Sending to client: Payload[MESSAGE] Client Id [2] Message: [Room[lobby] Alice#2 joined the room][0m
07/07/2025 15:03:26 [Project.Server.ServerThread] ([32mINFO[0m):
> [0;36mThread[2]: Sending to client: Payload[ROOM_JOIN] Client Id [2] Message: [null] ClientName: [Alice][0m
07/07/2025 15:03:26 [Project.Server.ServerThread] ([32mINFO[0m):
> [0;36mThread[2]: Sending to client: Payload[MESSAGE] Client Id [2] Message: [Room[lobby] You joined the room][0m
07/07/2025 15:03:26 [Project.Server.Server] ([32mINFO[0m):
> [0;33mServer: *Alice#2 added to Lobby*[0m
07/07/2025 15:03:48 [Project.Server.ServerThread] ([32mINFO[0m):
> [0;36mThread[1]: Received from my client: Payload[ROOM_CREATE] Client Id [0] Message: [testroom][0m
07/07/2025 15:03:48 [Project.Server.Room] ([32mINFO[0m):
> [0;35mRoom[testroom]: Created[0m
07/07/2025 15:03:48 [Project.Server.Server] ([32mINFO[0m):
> [0;33mServer: Created new Room testroom[0m
07/07/2025 15:03:48 [Project.Server.Server] ([32mINFO[0m):
> [0;33mServer: Removing client from previous Room lobby[0m
07/07/2025 15:03:48 [Project.Server.ServerThread] ([32mINFO[0m):
> [0;36mThread[1]: Sending to client: Payload[ROOM_LEAVE] Client Id [1] Message: [null] ClientName: [Bob][0m
07/07/2025 15:03:48 [Project.Server.ServerThread] ([32mINFO[0m):
> [0;36mThread[1]: Sending to client: Payload[MESSAGE] Client Id [1] Message: [Room[lobby] You left the room][0m
07/07/2025 15:03:48 [Project.Server.ServerThread] ([32mINFO[0m):
> [0;36mThread[2]: Sending to client: Payload[ROOM_LEAVE] Client Id [1] Message: [null] ClientName: [Bob][0m
07/07/2025 15:03:48 [Project.Server.ServerThread] ([32mINFO[0m):
> [0;36mThread[2]: Sending to client: Payload[MESSAGE] Client Id [1] Message: [Room[lobby] Bob#1 left the room][0m
07/07/2025 15:03:48 [Project.Server.ServerThread] ([32mINFO[0m):
> [0;36mThread[1]: Sending to client: Payload[ROOM_JOIN] Client Id [-1] Message: [null] ClientName: [null][0m
07/07/2025 15:03:48 [Project.Server.ServerThread] ([32mINFO[0m):
> [0;36mThread[1]: Sending to client: Payload[ROOM_JOIN] Client Id [1] Message: [null] ClientName: [Bob][0m
07/07/2025 15:03:48 [Project.Server.ServerThread] ([32mINFO[0m):
> [0;36mThread[1]: Sending to client: Payload[MESSAGE] Client Id [1] Message: [Room[testroom] You joined the room][0m
07/07/2025 15:04:03 [Project.Server.ServerThread] ([32mINFO[0m):
> [0;36mThread[2]: Received from my client: Payload[ROOM_JOIN] Client Id [0] Message: [testroom][0m
07/07/2025 15:04:03 [Project.Server.Server] ([32mINFO[0m):
> [0;33mServer: Removing client from previous Room lobby[0m
07/07/2025 15:04:03 [Project.Server.ServerThread] ([32mINFO[0m):
> [0;36mThread[2]: Sending to client: Payload[ROOM_LEAVE] Client Id [2] Message: [null] ClientName: [Alice][0m
07/07/2025 15:04:03 [Project.Server.ServerThread] ([32mINFO[0m):
> [0;36mThread[2]: Sending to client: Payload[MESSAGE] Client Id [2] Message: [Room[lobby] You left the room][0m
07/07/2025 15:04:03 [Project.Server.ServerThread] ([32mINFO[0m):
> [0;36mThread[2]: Sending to client: Payload[ROOM_JOIN] Client Id [-1] Message: [null] ClientName: [null][0m
07/07/2025 15:04:03 [Project.Server.ServerThread] ([32mINFO[0m):
> [0;36mThread[2]: Sending to client: Payload[SYNC_CLIENT] Client Id [1] Message: [null] ClientName: [Bob][0m
07/07/2025 15:04:03 [Project.Server.ServerThread] ([32mINFO[0m):
> [0;36mThread[1]: Sending to client: Payload[ROOM_JOIN] Client Id [2] Message: [null] ClientName: [Alice][0m
07/07/2025 15:04:03 [Project.Server.ServerThread] ([32mINFO[0m):
> [0;36mThread[1]: Sending to client: Payload[MESSAGE] Client Id [2] Message: [Room[testroom] Alice#2 joined the room][0m
07/07/2025 15:04:03 [Project.Server.ServerThread] ([32mINFO[0m):
> [0;36mThread[2]: Sending to client: Payload[ROOM_JOIN] Client Id [2] Message: [null] ClientName: [Alice][0m
07/07/2025 15:04:03 [Project.Server.ServerThread] ([32mINFO[0m):
> [0;36mThread[2]: Sending to client: Payload[MESSAGE] Client Id [2] Message: [Room[testroom] You joined the room][0m
07/07/2025 15:04:10 [Project.Server.ServerThread] ([32mINFO[0m):
> [0;36mThread[2]: Received from my client: Payload[ROOM_LEAVE] Client Id [0] Message: [leaveroom][0m
07/07/2025 15:04:10 [Project.Server.Server] ([32mINFO[0m):
> [0;33mServer: Removing client from previous Room testroom[0m
07/07/2025 15:04:10 [Project.Server.ServerThread] ([32mINFO[0m):
> [0;36mThread[1]: Sending to client: Payload[ROOM_LEAVE] Client Id [2] Message: [null] ClientName: [Alice][0m
07/07/2025 15:04:10 [Project.Server.ServerThread] ([32mINFO[0m):
> [0;36mThread[1]: Sending to client: Payload[MESSAGE] Client Id [2] Message: [Room[testroom] Alice#2 left the room][0m
07/07/2025 15:04:10 [Project.Server.ServerThread] ([32mINFO[0m):
> [0;36mThread[2]: Sending to client: Payload[ROOM_LEAVE] Client Id [2] Message: [null] ClientName: [Alice][0m
07/07/2025 15:04:10 [Project.Server.ServerThread] ([32mINFO[0m):
> [0;36mThread[2]: Sending to client: Payload[MESSAGE] Client Id [2] Message: [Room[testroom] You left the room][0m
07/07/2025 15:04:10 [Project.Server.ServerThread] ([32mINFO[0m):
> [0;36mThread[2]: Sending to client: Payload[ROOM_JOIN] Client Id [-1] Message: [null] ClientName: [null][0m
07/07/2025 15:04:10 [Project.Server.ServerThread] ([32mINFO[0m):
> [0;36mThread[2]: Sending to client: Payload[ROOM_JOIN] Client Id [2] Message: [null] ClientName: [Alice][0m
07/07/2025 15:04:10 [Project.Server.ServerThread] ([32mINFO[0m):
> [0;36mThread[2]: Sending to client: Payload[MESSAGE] Client Id [2] Message: [Room[lobby] You joined the room][0m
07/07/2025 15:04:20 [Project.Server.ServerThread] ([32mINFO[0m):
> [0;36mThread[1]: Received from my client: Payload[DISCONNECT] Client Id [0] Message: [null][0m
07/07/2025 15:04:20 [Project.Server.Room] ([32mINFO[0m):
> [0;35mRoom[testroom]: sending message to 0 recipients: Room[testroom]: Bob#1 disconnected[0m
07/07/2025 15:04:20 [Project.Server.ServerThread] ([32mINFO[0m):
> [0;36mThread[1]: Thread being disconnected by server[0m
07/07/2025 15:04:20 [Project.Server.ServerThread] ([32mINFO[0m):
> [0;36mThread[1]: ServerThread cleanup() start[0m
07/07/2025 15:04:20 [Project.Server.ServerThread] ([32mINFO[0m):
> [0;36mThread[-1]: Closed Server-side Socket[0m
07/07/2025 15:04:20 [Project.Server.ServerThread] ([32mINFO[0m):
> [0;36mThread[-1]: ServerThread cleanup() end[0m
07/07/2025 15:04:20 [Project.Server.Server] ([32mINFO[0m):
> [0;33mServer: Removed room testroom[0m
07/07/2025 15:04:20 [Project.Server.Room] ([32mINFO[0m):
> [0;35mRoom[testroom]: closed[0m
07/07/2025 15:04:20 [Project.Server.ServerThread] ([32mINFO[0m):
> [0;36mThread[-1]: Exited thread loop. Cleaning up connection[0m
07/07/2025 15:04:20 [Project.Server.ServerThread] ([32mINFO[0m):
> [0;36mThread[-1]: ServerThread cleanup() start[0m
07/07/2025 15:04:20 [Project.Server.ServerThread] ([32mINFO[0m):
> [0;36mThread[-1]: Closed Server-side Socket[0m
07/07/2025 15:04:20 [Project.Server.ServerThread] ([32mINFO[0m):
> [0;36mThread[-1]: ServerThread cleanup() end[0m
07/07/2025 15:04:27 [Project.Server.ServerThread] ([32mINFO[0m):
> [0;36mThread[2]: Received from my client: Payload[DISCONNECT] Client Id [0] Message: [null][0m
07/07/2025 15:04:27 [Project.Server.Room] ([32mINFO[0m):
> [0;35mRoom[lobby]: sending message to 0 recipients: Room[lobby]: Alice#2 disconnected[0m
07/07/2025 15:04:27 [Project.Server.ServerThread] ([32mINFO[0m):
> [0;36mThread[2]: Thread being disconnected by server[0m
07/07/2025 15:04:27 [Project.Server.ServerThread] ([32mINFO[0m):
> [0;36mThread[2]: ServerThread cleanup() start[0m
07/07/2025 15:04:27 [Project.Server.ServerThread] ([32mINFO[0m):
> [0;36mThread[-1]: Closed Server-side Socket[0m
07/07/2025 15:04:27 [Project.Server.ServerThread] ([32mINFO[0m):
> [0;36mThread[-1]: ServerThread cleanup() end[0m
07/07/2025 15:04:27 [Project.Server.ServerThread] ([32mINFO[0m):
> [0;36mThread[-1]: Exited thread loop. Cleaning up connection[0m
07/07/2025 15:04:27 [Project.Server.ServerThread] ([32mINFO[0m):
> [0;36mThread[-1]: ServerThread cleanup() start[0m
07/07/2025 15:04:27 [Project.Server.ServerThread] ([32mINFO[0m):
> [0;36mThread[-1]: Closed Server-side Socket[0m
07/07/2025 15:04:27 [Project.Server.ServerThread] ([32mINFO[0m):
> [0;36mThread[-1]: ServerThread cleanup() end[0m
07/07/2025 15:06:51 [Project.Server.Server] ([32mINFO[0m):
> [0;33mServer: JVM is shutting down. Perform cleanup tasks.[0m
07/07/2025 15:25:20 [Project.Server.Server] ([32mINFO[0m):
> Server Starting
07/07/2025 15:25:20 [Project.Server.Server] ([32mINFO[0m):
> [0;33mServer: Listening on port 3000[0m
07/07/2025 15:25:20 [Project.Server.Room] ([32mINFO[0m):
> [0;35mRoom[lobby]: Created[0m
07/07/2025 15:25:20 [Project.Server.Server] ([32mINFO[0m):
> [0;33mServer: Created new Room lobby[0m
07/07/2025 15:25:20 [Project.Server.Server] ([32mINFO[0m):
> [0;33mServer: Waiting for next client[0m
07/07/2025 15:26:03 [Project.Server.Server] ([32mINFO[0m):
> [0;33mServer: Client connected[0m
07/07/2025 15:26:03 [Project.Server.ServerThread] ([32mINFO[0m):
> [0;36mThread[-1]: ServerThread created[0m
07/07/2025 15:26:03 [Project.Server.Server] ([32mINFO[0m):
> [0;33mServer: Waiting for next client[0m
07/07/2025 15:26:03 [Project.Server.ServerThread] ([32mINFO[0m):
> [0;36mThread[-1]: Thread starting[0m
07/07/2025 15:26:03 [Project.Server.ServerThread] ([32mINFO[0m):
> [0;36mThread[-1]: Received from my client: Payload[CLIENT_CONNECT] Client Id [0] Message: [null] ClientName: [Alice][0m
07/07/2025 15:26:03 [Project.Server.ServerThread] ([32mINFO[0m):
> [0;36mThread[1]: Sending to client: Payload[CLIENT_ID] Client Id [1] Message: [null] ClientName: [Alice][0m
07/07/2025 15:26:03 [Project.Server.Server] ([32mINFO[0m):
> [0;33mServer: *Alice#1 initialized*[0m
07/07/2025 15:26:03 [Project.Server.ServerThread] ([32mINFO[0m):
> [0;36mThread[1]: Sending to client: Payload[ROOM_JOIN] Client Id [-1] Message: [null] ClientName: [null][0m
07/07/2025 15:26:03 [Project.Server.ServerThread] ([32mINFO[0m):
> [0;36mThread[1]: Sending to client: Payload[ROOM_JOIN] Client Id [1] Message: [null] ClientName: [Alice][0m
07/07/2025 15:26:03 [Project.Server.ServerThread] ([32mINFO[0m):
> [0;36mThread[1]: Sending to client: Payload[MESSAGE] Client Id [1] Message: [Room[lobby] You joined the room][0m
07/07/2025 15:26:03 [Project.Server.Server] ([32mINFO[0m):
> [0;33mServer: *Alice#1 added to Lobby*[0m
07/07/2025 15:26:04 [Project.Server.Server] ([32mINFO[0m):
> [0;33mServer: Client connected[0m
07/07/2025 15:26:04 [Project.Server.ServerThread] ([32mINFO[0m):
> [0;36mThread[-1]: ServerThread created[0m
07/07/2025 15:26:04 [Project.Server.Server] ([32mINFO[0m):
> [0;33mServer: Waiting for next client[0m
07/07/2025 15:26:04 [Project.Server.ServerThread] ([32mINFO[0m):
> [0;36mThread[-1]: Thread starting[0m
07/07/2025 15:26:04 [Project.Server.ServerThread] ([32mINFO[0m):
> [0;36mThread[-1]: Received from my client: Payload[CLIENT_CONNECT] Client Id [0] Message: [null] ClientName: [Bob][0m
07/07/2025 15:26:04 [Project.Server.ServerThread] ([32mINFO[0m):
> [0;36mThread[2]: Sending to client: Payload[CLIENT_ID] Client Id [2] Message: [null] ClientName: [Bob][0m
07/07/2025 15:26:04 [Project.Server.Server] ([32mINFO[0m):
> [0;33mServer: *Bob#2 initialized*[0m
07/07/2025 15:26:04 [Project.Server.ServerThread] ([32mINFO[0m):
> [0;36mThread[2]: Sending to client: Payload[ROOM_JOIN] Client Id [-1] Message: [null] ClientName: [null][0m
07/07/2025 15:26:04 [Project.Server.ServerThread] ([32mINFO[0m):
> [0;36mThread[2]: Sending to client: Payload[SYNC_CLIENT] Client Id [1] Message: [null] ClientName: [Alice][0m
07/07/2025 15:26:04 [Project.Server.ServerThread] ([32mINFO[0m):
> [0;36mThread[1]: Sending to client: Payload[ROOM_JOIN] Client Id [2] Message: [null] ClientName: [Bob][0m
07/07/2025 15:26:04 [Project.Server.ServerThread] ([32mINFO[0m):
> [0;36mThread[1]: Sending to client: Payload[MESSAGE] Client Id [2] Message: [Room[lobby] Bob#2 joined the room][0m
07/07/2025 15:26:04 [Project.Server.ServerThread] ([32mINFO[0m):
> [0;36mThread[2]: Sending to client: Payload[ROOM_JOIN] Client Id [2] Message: [null] ClientName: [Bob][0m
07/07/2025 15:26:04 [Project.Server.ServerThread] ([32mINFO[0m):
> [0;36mThread[2]: Sending to client: Payload[MESSAGE] Client Id [2] Message: [Room[lobby] You joined the room][0m
07/07/2025 15:26:04 [Project.Server.Server] ([32mINFO[0m):
> [0;33mServer: *Bob#2 added to Lobby*[0m
07/07/2025 15:26:05 [Project.Server.Server] ([32mINFO[0m):
> [0;33mServer: Client connected[0m
07/07/2025 15:26:05 [Project.Server.ServerThread] ([32mINFO[0m):
> [0;36mThread[-1]: ServerThread created[0m
07/07/2025 15:26:05 [Project.Server.Server] ([32mINFO[0m):
> [0;33mServer: Waiting for next client[0m
07/07/2025 15:26:05 [Project.Server.ServerThread] ([32mINFO[0m):
> [0;36mThread[-1]: Thread starting[0m
07/07/2025 15:26:06 [Project.Server.ServerThread] ([32mINFO[0m):
> [0;36mThread[-1]: Received from my client: Payload[CLIENT_CONNECT] Client Id [0] Message: [null] ClientName: [Charlie][0m
07/07/2025 15:26:06 [Project.Server.ServerThread] ([32mINFO[0m):
> [0;36mThread[3]: Sending to client: Payload[CLIENT_ID] Client Id [3] Message: [null] ClientName: [Charlie][0m
07/07/2025 15:26:06 [Project.Server.Server] ([32mINFO[0m):
> [0;33mServer: *Charlie#3 initialized*[0m
07/07/2025 15:26:06 [Project.Server.ServerThread] ([32mINFO[0m):
> [0;36mThread[3]: Sending to client: Payload[ROOM_JOIN] Client Id [-1] Message: [null] ClientName: [null][0m
07/07/2025 15:26:06 [Project.Server.ServerThread] ([32mINFO[0m):
> [0;36mThread[3]: Sending to client: Payload[SYNC_CLIENT] Client Id [1] Message: [null] ClientName: [Alice][0m
07/07/2025 15:26:06 [Project.Server.ServerThread] ([32mINFO[0m):
> [0;36mThread[3]: Sending to client: Payload[SYNC_CLIENT] Client Id [2] Message: [null] ClientName: [Bob][0m
07/07/2025 15:26:06 [Project.Server.ServerThread] ([32mINFO[0m):
> [0;36mThread[1]: Sending to client: Payload[ROOM_JOIN] Client Id [3] Message: [null] ClientName: [Charlie][0m
07/07/2025 15:26:06 [Project.Server.ServerThread] ([32mINFO[0m):
> [0;36mThread[1]: Sending to client: Payload[MESSAGE] Client Id [3] Message: [Room[lobby] Charlie#3 joined the room][0m
07/07/2025 15:26:06 [Project.Server.ServerThread] ([32mINFO[0m):
> [0;36mThread[2]: Sending to client: Payload[ROOM_JOIN] Client Id [3] Message: [null] ClientName: [Charlie][0m
07/07/2025 15:26:06 [Project.Server.ServerThread] ([32mINFO[0m):
> [0;36mThread[2]: Sending to client: Payload[MESSAGE] Client Id [3] Message: [Room[lobby] Charlie#3 joined the room][0m
07/07/2025 15:26:06 [Project.Server.ServerThread] ([32mINFO[0m):
> [0;36mThread[3]: Sending to client: Payload[ROOM_JOIN] Client Id [3] Message: [null] ClientName: [Charlie][0m
07/07/2025 15:26:06 [Project.Server.ServerThread] ([32mINFO[0m):
> [0;36mThread[3]: Sending to client: Payload[MESSAGE] Client Id [3] Message: [Room[lobby] You joined the room][0m
07/07/2025 15:26:06 [Project.Server.Server] ([32mINFO[0m):
> [0;33mServer: *Charlie#3 added to Lobby*[0m
07/07/2025 15:26:26 [Project.Server.ServerThread] ([32mINFO[0m):
> [0;36mThread[1]: Received from my client: Payload[ROOM_CREATE] Client Id [0] Message: [testroom][0m
07/07/2025 15:26:26 [Project.Server.Room] ([32mINFO[0m):
> [0;35mRoom[testroom]: Created[0m
07/07/2025 15:26:26 [Project.Server.Server] ([32mINFO[0m):
> [0;33mServer: Created new Room testroom[0m
07/07/2025 15:26:26 [Project.Server.Server] ([32mINFO[0m):
> [0;33mServer: Removing client from previous Room lobby[0m
07/07/2025 15:26:26 [Project.Server.ServerThread] ([32mINFO[0m):
> [0;36mThread[1]: Sending to client: Payload[ROOM_LEAVE] Client Id [1] Message: [null] ClientName: [Alice][0m
07/07/2025 15:26:26 [Project.Server.ServerThread] ([32mINFO[0m):
> [0;36mThread[1]: Sending to client: Payload[MESSAGE] Client Id [1] Message: [Room[lobby] You left the room][0m
07/07/2025 15:26:26 [Project.Server.ServerThread] ([32mINFO[0m):
> [0;36mThread[2]: Sending to client: Payload[ROOM_LEAVE] Client Id [1] Message: [null] ClientName: [Alice][0m
07/07/2025 15:26:26 [Project.Server.ServerThread] ([32mINFO[0m):
> [0;36mThread[2]: Sending to client: Payload[MESSAGE] Client Id [1] Message: [Room[lobby] Alice#1 left the room][0m
07/07/2025 15:26:26 [Project.Server.ServerThread] ([32mINFO[0m):
> [0;36mThread[3]: Sending to client: Payload[ROOM_LEAVE] Client Id [1] Message: [null] ClientName: [Alice][0m
07/07/2025 15:26:26 [Project.Server.ServerThread] ([32mINFO[0m):
> [0;36mThread[3]: Sending to client: Payload[MESSAGE] Client Id [1] Message: [Room[lobby] Alice#1 left the room][0m
07/07/2025 15:26:26 [Project.Server.ServerThread] ([32mINFO[0m):
> [0;36mThread[1]: Sending to client: Payload[ROOM_JOIN] Client Id [-1] Message: [null] ClientName: [null][0m
07/07/2025 15:26:26 [Project.Server.ServerThread] ([32mINFO[0m):
> [0;36mThread[1]: Sending to client: Payload[ROOM_JOIN] Client Id [1] Message: [null] ClientName: [Alice][0m
07/07/2025 15:26:26 [Project.Server.ServerThread] ([32mINFO[0m):
> [0;36mThread[1]: Sending to client: Payload[MESSAGE] Client Id [1] Message: [Room[testroom] You joined the room][0m
07/07/2025 15:26:33 [Project.Server.ServerThread] ([32mINFO[0m):
> [0;36mThread[2]: Received from my client: Payload[ROOM_JOIN] Client Id [0] Message: [testroom][0m
07/07/2025 15:26:33 [Project.Server.Server] ([32mINFO[0m):
> [0;33mServer: Removing client from previous Room lobby[0m
07/07/2025 15:26:33 [Project.Server.ServerThread] ([32mINFO[0m):
> [0;36mThread[2]: Sending to client: Payload[ROOM_LEAVE] Client Id [2] Message: [null] ClientName: [Bob][0m
07/07/2025 15:26:33 [Project.Server.ServerThread] ([32mINFO[0m):
> [0;36mThread[2]: Sending to client: Payload[MESSAGE] Client Id [2] Message: [Room[lobby] You left the room][0m
07/07/2025 15:26:33 [Project.Server.ServerThread] ([32mINFO[0m):
> [0;36mThread[3]: Sending to client: Payload[ROOM_LEAVE] Client Id [2] Message: [null] ClientName: [Bob][0m
07/07/2025 15:26:33 [Project.Server.ServerThread] ([32mINFO[0m):
> [0;36mThread[3]: Sending to client: Payload[MESSAGE] Client Id [2] Message: [Room[lobby] Bob#2 left the room][0m
07/07/2025 15:26:33 [Project.Server.ServerThread] ([32mINFO[0m):
> [0;36mThread[2]: Sending to client: Payload[ROOM_JOIN] Client Id [-1] Message: [null] ClientName: [null][0m
07/07/2025 15:26:33 [Project.Server.ServerThread] ([32mINFO[0m):
> [0;36mThread[2]: Sending to client: Payload[SYNC_CLIENT] Client Id [1] Message: [null] ClientName: [Alice][0m
07/07/2025 15:26:33 [Project.Server.ServerThread] ([32mINFO[0m):
> [0;36mThread[1]: Sending to client: Payload[ROOM_JOIN] Client Id [2] Message: [null] ClientName: [Bob][0m
07/07/2025 15:26:33 [Project.Server.ServerThread] ([32mINFO[0m):
> [0;36mThread[1]: Sending to client: Payload[MESSAGE] Client Id [2] Message: [Room[testroom] Bob#2 joined the room][0m
07/07/2025 15:26:33 [Project.Server.ServerThread] ([32mINFO[0m):
> [0;36mThread[2]: Sending to client: Payload[ROOM_JOIN] Client Id [2] Message: [null] ClientName: [Bob][0m
07/07/2025 15:26:33 [Project.Server.ServerThread] ([32mINFO[0m):
> [0;36mThread[2]: Sending to client: Payload[MESSAGE] Client Id [2] Message: [Room[testroom] You joined the room][0m
07/07/2025 15:26:34 [Project.Server.ServerThread] ([32mINFO[0m):
> [0;36mThread[3]: Received from my client: Payload[ROOM_JOIN] Client Id [0] Message: [testroom][0m
07/07/2025 15:26:34 [Project.Server.Server] ([32mINFO[0m):
> [0;33mServer: Removing client from previous Room lobby[0m
07/07/2025 15:26:34 [Project.Server.ServerThread] ([32mINFO[0m):
> [0;36mThread[3]: Sending to client: Payload[ROOM_LEAVE] Client Id [3] Message: [null] ClientName: [Charlie][0m
07/07/2025 15:26:34 [Project.Server.ServerThread] ([32mINFO[0m):
> [0;36mThread[3]: Sending to client: Payload[MESSAGE] Client Id [3] Message: [Room[lobby] You left the room][0m
07/07/2025 15:26:34 [Project.Server.ServerThread] ([32mINFO[0m):
> [0;36mThread[3]: Sending to client: Payload[ROOM_JOIN] Client Id [-1] Message: [null] ClientName: [null][0m
07/07/2025 15:26:34 [Project.Server.ServerThread] ([32mINFO[0m):
> [0;36mThread[3]: Sending to client: Payload[SYNC_CLIENT] Client Id [1] Message: [null] ClientName: [Alice][0m
07/07/2025 15:26:34 [Project.Server.ServerThread] ([32mINFO[0m):
> [0;36mThread[3]: Sending to client: Payload[SYNC_CLIENT] Client Id [2] Message: [null] ClientName: [Bob][0m
07/07/2025 15:26:34 [Project.Server.ServerThread] ([32mINFO[0m):
> [0;36mThread[1]: Sending to client: Payload[ROOM_JOIN] Client Id [3] Message: [null] ClientName: [Charlie][0m
07/07/2025 15:26:34 [Project.Server.ServerThread] ([32mINFO[0m):
> [0;36mThread[1]: Sending to client: Payload[MESSAGE] Client Id [3] Message: [Room[testroom] Charlie#3 joined the room][0m
07/07/2025 15:26:34 [Project.Server.ServerThread] ([32mINFO[0m):
> [0;36mThread[2]: Sending to client: Payload[ROOM_JOIN] Client Id [3] Message: [null] ClientName: [Charlie][0m
07/07/2025 15:26:34 [Project.Server.ServerThread] ([32mINFO[0m):
> [0;36mThread[2]: Sending to client: Payload[MESSAGE] Client Id [3] Message: [Room[testroom] Charlie#3 joined the room][0m
07/07/2025 15:26:34 [Project.Server.ServerThread] ([32mINFO[0m):
> [0;36mThread[3]: Sending to client: Payload[ROOM_JOIN] Client Id [3] Message: [null] ClientName: [Charlie][0m
07/07/2025 15:26:34 [Project.Server.ServerThread] ([32mINFO[0m):
> [0;36mThread[3]: Sending to client: Payload[MESSAGE] Client Id [3] Message: [Room[testroom] You joined the room][0m
07/07/2025 15:31:44 [Project.Server.ServerThread] ([32mINFO[0m):
> [0;36mThread[1]: Received from my client: Payload[MESSAGE] Client Id [0] Message: [Hello?][0m
07/07/2025 15:31:44 [Project.Server.Room] ([32mINFO[0m):
> [0;35mRoom[testroom]: sending message to 3 recipients: Alice#1: Hello?[0m
07/07/2025 15:31:44 [Project.Server.ServerThread] ([32mINFO[0m):
> [0;36mThread[1]: Sending to client: Payload[MESSAGE] Client Id [1] Message: [Alice#1: Hello?][0m
07/07/2025 15:31:44 [Project.Server.ServerThread] ([32mINFO[0m):
> [0;36mThread[2]: Sending to client: Payload[MESSAGE] Client Id [1] Message: [Alice#1: Hello?][0m
07/07/2025 15:31:44 [Project.Server.ServerThread] ([32mINFO[0m):
> [0;36mThread[3]: Sending to client: Payload[MESSAGE] Client Id [1] Message: [Alice#1: Hello?][0m
07/07/2025 15:31:55 [Project.Server.ServerThread] ([32mINFO[0m):
> [0;36mThread[3]: Received from my client: Payload[MESSAGE] Client Id [0] Message: [Hey Alice! How is everything going?][0m
07/07/2025 15:31:55 [Project.Server.Room] ([32mINFO[0m):
> [0;35mRoom[testroom]: sending message to 3 recipients: Charlie#3: Hey Alice! How is everything going?[0m
07/07/2025 15:31:55 [Project.Server.ServerThread] ([32mINFO[0m):
> [0;36mThread[1]: Sending to client: Payload[MESSAGE] Client Id [3] Message: [Charlie#3: Hey Alice! How is everything going?][0m
07/07/2025 15:31:55 [Project.Server.ServerThread] ([32mINFO[0m):
> [0;36mThread[2]: Sending to client: Payload[MESSAGE] Client Id [3] Message: [Charlie#3: Hey Alice! How is everything going?][0m
07/07/2025 15:31:55 [Project.Server.ServerThread] ([32mINFO[0m):
> [0;36mThread[3]: Sending to client: Payload[MESSAGE] Client Id [3] Message: [Charlie#3: Hey Alice! How is everything going?][0m
07/07/2025 15:32:00 [Project.Server.ServerThread] ([32mINFO[0m):
> [0;36mThread[2]: Received from my client: Payload[MESSAGE] Client Id [0] Message: [Hey Guys!!!!][0m
07/07/2025 15:32:00 [Project.Server.Room] ([32mINFO[0m):
> [0;35mRoom[testroom]: sending message to 3 recipients: Bob#2: Hey Guys!!!![0m
07/07/2025 15:32:00 [Project.Server.ServerThread] ([32mINFO[0m):
> [0;36mThread[1]: Sending to client: Payload[MESSAGE] Client Id [2] Message: [Bob#2: Hey Guys!!!!][0m
07/07/2025 15:32:00 [Project.Server.ServerThread] ([32mINFO[0m):
> [0;36mThread[2]: Sending to client: Payload[MESSAGE] Client Id [2] Message: [Bob#2: Hey Guys!!!!][0m
07/07/2025 15:32:00 [Project.Server.ServerThread] ([32mINFO[0m):
> [0;36mThread[3]: Sending to client: Payload[MESSAGE] Client Id [2] Message: [Bob#2: Hey Guys!!!!][0m
07/07/2025 15:32:11 [Project.Server.ServerThread] ([32mINFO[0m):
> [0;36mThread[1]: Received from my client: Payload[MESSAGE] Client Id [0] Message: [All good, what about you Charlie?][0m
07/07/2025 15:32:11 [Project.Server.Room] ([32mINFO[0m):
> [0;35mRoom[testroom]: sending message to 3 recipients: Alice#1: All good, what about you Charlie?[0m
07/07/2025 15:32:11 [Project.Server.ServerThread] ([32mINFO[0m):
> [0;36mThread[1]: Sending to client: Payload[MESSAGE] Client Id [1] Message: [Alice#1: All good, what about you Charlie?][0m
07/07/2025 15:32:11 [Project.Server.ServerThread] ([32mINFO[0m):
> [0;36mThread[2]: Sending to client: Payload[MESSAGE] Client Id [1] Message: [Alice#1: All good, what about you Charlie?][0m
07/07/2025 15:32:11 [Project.Server.ServerThread] ([32mINFO[0m):
> [0;36mThread[3]: Sending to client: Payload[MESSAGE] Client Id [1] Message: [Alice#1: All good, what about you Charlie?][0m
07/07/2025 15:32:16 [Project.Server.ServerThread] ([32mINFO[0m):
> [0;36mThread[1]: Received from my client: Payload[MESSAGE] Client Id [0] Message: [Hello Bob][0m
07/07/2025 15:32:16 [Project.Server.Room] ([32mINFO[0m):
> [0;35mRoom[testroom]: sending message to 3 recipients: Alice#1: Hello Bob[0m
07/07/2025 15:32:16 [Project.Server.ServerThread] ([32mINFO[0m):
> [0;36mThread[1]: Sending to client: Payload[MESSAGE] Client Id [1] Message: [Alice#1: Hello Bob][0m
07/07/2025 15:32:16 [Project.Server.ServerThread] ([32mINFO[0m):
> [0;36mThread[2]: Sending to client: Payload[MESSAGE] Client Id [1] Message: [Alice#1: Hello Bob][0m
07/07/2025 15:32:16 [Project.Server.ServerThread] ([32mINFO[0m):
> [0;36mThread[3]: Sending to client: Payload[MESSAGE] Client Id [1] Message: [Alice#1: Hello Bob][0m
07/07/2025 15:40:32 [Project.Server.ServerThread] ([32mINFO[0m):
> [0;36mThread[3]: Received from my client: Payload[DISCONNECT] Client Id [0] Message: [null][0m
07/07/2025 15:40:32 [Project.Server.ServerThread] ([32mINFO[0m):
> [0;36mThread[1]: Sending to client: Payload[ROOM_LEAVE] Client Id [3] Message: [null] ClientName: [Charlie][0m
07/07/2025 15:40:32 [Project.Server.ServerThread] ([32mINFO[0m):
> [0;36mThread[2]: Sending to client: Payload[ROOM_LEAVE] Client Id [3] Message: [null] ClientName: [Charlie][0m
07/07/2025 15:40:32 [Project.Server.Room] ([32mINFO[0m):
> [0;35mRoom[testroom]: sending message to 2 recipients: Room[testroom]: Charlie#3 disconnected[0m
07/07/2025 15:40:32 [Project.Server.ServerThread] ([32mINFO[0m):
> [0;36mThread[1]: Sending to client: Payload[MESSAGE] Client Id [-1] Message: [Room[testroom]: Charlie#3 disconnected][0m
07/07/2025 15:40:32 [Project.Server.ServerThread] ([32mINFO[0m):
> [0;36mThread[2]: Sending to client: Payload[MESSAGE] Client Id [-1] Message: [Room[testroom]: Charlie#3 disconnected][0m
07/07/2025 15:40:32 [Project.Server.ServerThread] ([32mINFO[0m):
> [0;36mThread[3]: Thread being disconnected by server[0m
07/07/2025 15:40:32 [Project.Server.ServerThread] ([32mINFO[0m):
> [0;36mThread[3]: ServerThread cleanup() start[0m
07/07/2025 15:40:32 [Project.Server.ServerThread] ([32mINFO[0m):
> [0;36mThread[-1]: Closed Server-side Socket[0m
07/07/2025 15:40:32 [Project.Server.ServerThread] ([32mINFO[0m):
> [0;36mThread[-1]: ServerThread cleanup() end[0m
07/07/2025 15:40:32 [Project.Server.ServerThread] ([32mINFO[0m):
> [0;36mThread[-1]: Exited thread loop. Cleaning up connection[0m
07/07/2025 15:40:32 [Project.Server.ServerThread] ([32mINFO[0m):
> [0;36mThread[-1]: ServerThread cleanup() start[0m
07/07/2025 15:40:32 [Project.Server.ServerThread] ([32mINFO[0m):
> [0;36mThread[-1]: Closed Server-side Socket[0m
07/07/2025 15:40:32 [Project.Server.ServerThread] ([32mINFO[0m):
> [0;36mThread[-1]: ServerThread cleanup() end[0m
07/07/2025 15:40:34 [Project.Server.ServerThread] ([32mINFO[0m):
> [0;36mThread[2]: Received from my client: Payload[DISCONNECT] Client Id [0] Message: [null][0m
07/07/2025 15:40:34 [Project.Server.ServerThread] ([32mINFO[0m):
> [0;36mThread[1]: Sending to client: Payload[ROOM_LEAVE] Client Id [2] Message: [null] ClientName: [Bob][0m
07/07/2025 15:40:34 [Project.Server.Room] ([32mINFO[0m):
> [0;35mRoom[testroom]: sending message to 1 recipients: Room[testroom]: Bob#2 disconnected[0m
07/07/2025 15:40:34 [Project.Server.ServerThread] ([32mINFO[0m):
> [0;36mThread[1]: Sending to client: Payload[MESSAGE] Client Id [-1] Message: [Room[testroom]: Bob#2 disconnected][0m
07/07/2025 15:40:34 [Project.Server.ServerThread] ([32mINFO[0m):
> [0;36mThread[2]: Thread being disconnected by server[0m
07/07/2025 15:40:34 [Project.Server.ServerThread] ([32mINFO[0m):
> [0;36mThread[2]: ServerThread cleanup() start[0m
07/07/2025 15:40:34 [Project.Server.ServerThread] ([32mINFO[0m):
> [0;36mThread[-1]: Closed Server-side Socket[0m
07/07/2025 15:40:34 [Project.Server.ServerThread] ([32mINFO[0m):
> [0;36mThread[-1]: ServerThread cleanup() end[0m
07/07/2025 15:40:34 [Project.Server.ServerThread] ([32mINFO[0m):
> [0;36mThread[-1]: Exited thread loop. Cleaning up connection[0m
07/07/2025 15:40:34 [Project.Server.ServerThread] ([32mINFO[0m):
> [0;36mThread[-1]: ServerThread cleanup() start[0m
07/07/2025 15:40:34 [Project.Server.ServerThread] ([32mINFO[0m):
> [0;36mThread[-1]: Closed Server-side Socket[0m
07/07/2025 15:40:34 [Project.Server.ServerThread] ([32mINFO[0m):
> [0;36mThread[-1]: ServerThread cleanup() end[0m
07/07/2025 15:40:36 [Project.Server.ServerThread] ([32mINFO[0m):
> [0;36mThread[1]: Received from my client: Payload[DISCONNECT] Client Id [0] Message: [null][0m
07/07/2025 15:40:36 [Project.Server.Room] ([32mINFO[0m):
> [0;35mRoom[testroom]: sending message to 0 recipients: Room[testroom]: Alice#1 disconnected[0m
07/07/2025 15:40:36 [Project.Server.ServerThread] ([32mINFO[0m):
> [0;36mThread[1]: Thread being disconnected by server[0m
07/07/2025 15:40:36 [Project.Server.ServerThread] ([32mINFO[0m):
> [0;36mThread[1]: ServerThread cleanup() start[0m
07/07/2025 15:40:36 [Project.Server.ServerThread] ([32mINFO[0m):
> [0;36mThread[-1]: Closed Server-side Socket[0m
07/07/2025 15:40:36 [Project.Server.ServerThread] ([32mINFO[0m):
> [0;36mThread[-1]: ServerThread cleanup() end[0m
07/07/2025 15:40:36 [Project.Server.Server] ([32mINFO[0m):
> [0;33mServer: Removed room testroom[0m
07/07/2025 15:40:36 [Project.Server.Room] ([32mINFO[0m):
> [0;35mRoom[testroom]: closed[0m
07/07/2025 15:40:36 [Project.Server.ServerThread] ([32mINFO[0m):
> [0;36mThread[-1]: Exited thread loop. Cleaning up connection[0m
07/07/2025 15:40:36 [Project.Server.ServerThread] ([32mINFO[0m):
> [0;36mThread[-1]: ServerThread cleanup() start[0m
07/07/2025 15:40:36 [Project.Server.ServerThread] ([32mINFO[0m):
> [0;36mThread[-1]: Closed Server-side Socket[0m
07/07/2025 15:40:36 [Project.Server.ServerThread] ([32mINFO[0m):
> [0;36mThread[-1]: ServerThread cleanup() end[0m
07/07/2025 15:42:09 [Project.Server.Server] ([32mINFO[0m):
> [0;33mServer: JVM is shutting down. Perform cleanup tasks.[0m
07/07/2025 15:42:09 [Project.Server.Room] ([32mINFO[0m):
> [0;35mRoom[lobby]: Disconnect All triggered[0m
07/07/2025 15:42:09 [Project.Server.Room] ([32mINFO[0m):
> [0;35mRoom[lobby]: Disconnect All finished[0m
07/07/2025 15:44:43 [Project.Server.Server] ([32mINFO[0m):
> Server Starting
07/07/2025 15:44:43 [Project.Server.Server] ([32mINFO[0m):
> [0;33mServer: Listening on port 3000[0m
07/07/2025 15:44:43 [Project.Server.Room] ([32mINFO[0m):
> [0;35mRoom[lobby]: Created[0m
07/07/2025 15:44:43 [Project.Server.Server] ([32mINFO[0m):
> [0;33mServer: Created new Room lobby[0m
07/07/2025 15:44:43 [Project.Server.Server] ([32mINFO[0m):
> [0;33mServer: Waiting for next client[0m
07/07/2025 15:45:24 [Project.Server.Server] ([32mINFO[0m):
> [0;33mServer: Client connected[0m
07/07/2025 15:45:24 [Project.Server.ServerThread] ([32mINFO[0m):
> [0;36mThread[-1]: ServerThread created[0m
07/07/2025 15:45:24 [Project.Server.Server] ([32mINFO[0m):
> [0;33mServer: Waiting for next client[0m
07/07/2025 15:45:24 [Project.Server.ServerThread] ([32mINFO[0m):
> [0;36mThread[-1]: Thread starting[0m
07/07/2025 15:45:24 [Project.Server.ServerThread] ([32mINFO[0m):
> [0;36mThread[-1]: Received from my client: Payload[CLIENT_CONNECT] Client Id [0] Message: [null] ClientName: [Alice][0m
07/07/2025 15:45:24 [Project.Server.ServerThread] ([32mINFO[0m):
> [0;36mThread[1]: Sending to client: Payload[CLIENT_ID] Client Id [1] Message: [null] ClientName: [Alice][0m
07/07/2025 15:45:24 [Project.Server.Server] ([32mINFO[0m):
> [0;33mServer: *Alice#1 initialized*[0m
07/07/2025 15:45:24 [Project.Server.ServerThread] ([32mINFO[0m):
> [0;36mThread[1]: Sending to client: Payload[ROOM_JOIN] Client Id [-1] Message: [null] ClientName: [null][0m
07/07/2025 15:45:24 [Project.Server.ServerThread] ([32mINFO[0m):
> [0;36mThread[1]: Sending to client: Payload[ROOM_JOIN] Client Id [1] Message: [null] ClientName: [Alice][0m
07/07/2025 15:45:24 [Project.Server.ServerThread] ([32mINFO[0m):
> [0;36mThread[1]: Sending to client: Payload[MESSAGE] Client Id [1] Message: [Room[lobby] You joined the room][0m
07/07/2025 15:45:24 [Project.Server.Server] ([32mINFO[0m):
> [0;33mServer: *Alice#1 added to Lobby*[0m
07/07/2025 15:45:26 [Project.Server.Server] ([32mINFO[0m):
> [0;33mServer: Client connected[0m
07/07/2025 15:45:26 [Project.Server.ServerThread] ([32mINFO[0m):
> [0;36mThread[-1]: ServerThread created[0m
07/07/2025 15:45:26 [Project.Server.Server] ([32mINFO[0m):
> [0;33mServer: Waiting for next client[0m
07/07/2025 15:45:26 [Project.Server.ServerThread] ([32mINFO[0m):
> [0;36mThread[-1]: Thread starting[0m
07/07/2025 15:45:26 [Project.Server.ServerThread] ([32mINFO[0m):
> [0;36mThread[-1]: Received from my client: Payload[CLIENT_CONNECT] Client Id [0] Message: [null] ClientName: [Bob][0m
07/07/2025 15:45:26 [Project.Server.ServerThread] ([32mINFO[0m):
> [0;36mThread[2]: Sending to client: Payload[CLIENT_ID] Client Id [2] Message: [null] ClientName: [Bob][0m
07/07/2025 15:45:26 [Project.Server.Server] ([32mINFO[0m):
> [0;33mServer: *Bob#2 initialized*[0m
07/07/2025 15:45:26 [Project.Server.ServerThread] ([32mINFO[0m):
> [0;36mThread[2]: Sending to client: Payload[ROOM_JOIN] Client Id [-1] Message: [null] ClientName: [null][0m
07/07/2025 15:45:26 [Project.Server.ServerThread] ([32mINFO[0m):
> [0;36mThread[2]: Sending to client: Payload[SYNC_CLIENT] Client Id [1] Message: [null] ClientName: [Alice][0m
07/07/2025 15:45:26 [Project.Server.ServerThread] ([32mINFO[0m):
> [0;36mThread[1]: Sending to client: Payload[ROOM_JOIN] Client Id [2] Message: [null] ClientName: [Bob][0m
07/07/2025 15:45:26 [Project.Server.ServerThread] ([32mINFO[0m):
> [0;36mThread[1]: Sending to client: Payload[MESSAGE] Client Id [2] Message: [Room[lobby] Bob#2 joined the room][0m
07/07/2025 15:45:26 [Project.Server.ServerThread] ([32mINFO[0m):
> [0;36mThread[2]: Sending to client: Payload[ROOM_JOIN] Client Id [2] Message: [null] ClientName: [Bob][0m
07/07/2025 15:45:26 [Project.Server.ServerThread] ([32mINFO[0m):
> [0;36mThread[2]: Sending to client: Payload[MESSAGE] Client Id [2] Message: [Room[lobby] You joined the room][0m
07/07/2025 15:45:26 [Project.Server.Server] ([32mINFO[0m):
> [0;33mServer: *Bob#2 added to Lobby*[0m
07/07/2025 15:45:27 [Project.Server.Server] ([32mINFO[0m):
> [0;33mServer: Client connected[0m
07/07/2025 15:45:27 [Project.Server.ServerThread] ([32mINFO[0m):
> [0;36mThread[-1]: ServerThread created[0m
07/07/2025 15:45:27 [Project.Server.Server] ([32mINFO[0m):
> [0;33mServer: Waiting for next client[0m
07/07/2025 15:45:27 [Project.Server.ServerThread] ([32mINFO[0m):
> [0;36mThread[-1]: Thread starting[0m
07/07/2025 15:45:27 [Project.Server.ServerThread] ([32mINFO[0m):
> [0;36mThread[-1]: Received from my client: Payload[CLIENT_CONNECT] Client Id [0] Message: [null] ClientName: [Charlie][0m
07/07/2025 15:45:27 [Project.Server.ServerThread] ([32mINFO[0m):
> [0;36mThread[3]: Sending to client: Payload[CLIENT_ID] Client Id [3] Message: [null] ClientName: [Charlie][0m
07/07/2025 15:45:27 [Project.Server.Server] ([32mINFO[0m):
> [0;33mServer: *Charlie#3 initialized*[0m
07/07/2025 15:45:27 [Project.Server.ServerThread] ([32mINFO[0m):
> [0;36mThread[3]: Sending to client: Payload[ROOM_JOIN] Client Id [-1] Message: [null] ClientName: [null][0m
07/07/2025 15:45:27 [Project.Server.ServerThread] ([32mINFO[0m):
> [0;36mThread[3]: Sending to client: Payload[SYNC_CLIENT] Client Id [1] Message: [null] ClientName: [Alice][0m
07/07/2025 15:45:27 [Project.Server.ServerThread] ([32mINFO[0m):
> [0;36mThread[3]: Sending to client: Payload[SYNC_CLIENT] Client Id [2] Message: [null] ClientName: [Bob][0m
07/07/2025 15:45:27 [Project.Server.ServerThread] ([32mINFO[0m):
> [0;36mThread[1]: Sending to client: Payload[ROOM_JOIN] Client Id [3] Message: [null] ClientName: [Charlie][0m
07/07/2025 15:45:27 [Project.Server.ServerThread] ([32mINFO[0m):
> [0;36mThread[1]: Sending to client: Payload[MESSAGE] Client Id [3] Message: [Room[lobby] Charlie#3 joined the room][0m
07/07/2025 15:45:27 [Project.Server.ServerThread] ([32mINFO[0m):
> [0;36mThread[2]: Sending to client: Payload[ROOM_JOIN] Client Id [3] Message: [null] ClientName: [Charlie][0m
07/07/2025 15:45:27 [Project.Server.ServerThread] ([32mINFO[0m):
> [0;36mThread[2]: Sending to client: Payload[MESSAGE] Client Id [3] Message: [Room[lobby] Charlie#3 joined the room][0m
07/07/2025 15:45:27 [Project.Server.ServerThread] ([32mINFO[0m):
> [0;36mThread[3]: Sending to client: Payload[ROOM_JOIN] Client Id [3] Message: [null] ClientName: [Charlie][0m
07/07/2025 15:45:27 [Project.Server.ServerThread] ([32mINFO[0m):
> [0;36mThread[3]: Sending to client: Payload[MESSAGE] Client Id [3] Message: [Room[lobby] You joined the room][0m
07/07/2025 15:45:27 [Project.Server.Server] ([32mINFO[0m):
> [0;33mServer: *Charlie#3 added to Lobby*[0m
07/07/2025 15:45:39 [Project.Server.Server] ([32mINFO[0m):
> [0;33mServer: JVM is shutting down. Perform cleanup tasks.[0m
07/07/2025 15:45:39 [Project.Server.Room] ([32mINFO[0m):
> [0;35mRoom[lobby]: Disconnect All triggered[0m
07/07/2025 15:45:39 [Project.Server.ServerThread] ([32mINFO[0m):
> [0;36mThread[2]: Sending to client: Payload[ROOM_LEAVE] Client Id [1] Message: [null] ClientName: [Alice][0m
07/07/2025 15:45:39 [Project.Server.ServerThread] ([32mINFO[0m):
> [0;36mThread[3]: Sending to client: Payload[ROOM_LEAVE] Client Id [1] Message: [null] ClientName: [Alice][0m
07/07/2025 15:45:39 [Project.Server.Room] ([32mINFO[0m):
> [0;35mRoom[lobby]: sending message to 2 recipients: Room[lobby]: Alice#1 disconnected[0m
07/07/2025 15:45:39 [Project.Server.ServerThread] ([32mINFO[0m):
> [0;36mThread[2]: Sending to client: Payload[MESSAGE] Client Id [-1] Message: [Room[lobby]: Alice#1 disconnected][0m
07/07/2025 15:45:39 [Project.Server.ServerThread] ([32mINFO[0m):
> [0;36mThread[3]: Sending to client: Payload[MESSAGE] Client Id [-1] Message: [Room[lobby]: Alice#1 disconnected][0m
07/07/2025 15:45:39 [Project.Server.ServerThread] ([32mINFO[0m):
> [0;36mThread[1]: Thread being disconnected by server[0m
07/07/2025 15:45:39 [Project.Server.ServerThread] ([32mINFO[0m):
> [0;36mThread[1]: ServerThread cleanup() start[0m
07/07/2025 15:45:39 [Project.Server.ServerThread] ([32mINFO[0m):
> [0;36mThread[-1]: Closed Server-side Socket[0m
07/07/2025 15:45:39 [Project.Server.ServerThread] ([32mINFO[0m):
> [0;36mThread[-1]: ServerThread cleanup() end[0m
07/07/2025 15:45:39 [Project.Server.ServerThread] ([32mINFO[0m):
> [0;36mThread[3]: Sending to client: Payload[ROOM_LEAVE] Client Id [2] Message: [null] ClientName: [Bob][0m
07/07/2025 15:45:31 [Project.Server.Room] ([32mINFO[0m):
> [0;35mRoom[lobby]: sending message to 1 recipients: Room[lobby]: Bob#2 disconnected[0m
07/07/2025 15:45:31 [Project.Server.ServerThread] ([32mINFO[0m):
> [0;36mThread[-1]: Thread interrupted during read (likely from the disconnect() method)[0m
07/07/2025 15:45:31 [Project.Server.ServerThread] ([32mINFO[0m):
> [0;36mThread[-1]: Exited thread loop. Cleaning up connection[0m
07/07/2025 15:45:31 [Project.Server.ServerThread] ([32mINFO[0m):
> [0;36mThread[-1]: ServerThread cleanup() start[0m
07/07/2025 15:45:31 [Project.Server.ServerThread] ([32mINFO[0m):
> [0;36mThread[-1]: Closed Server-side Socket[0m
07/07/2025 15:45:31 [Project.Server.ServerThread] ([32mINFO[0m):
> [0;36mThread[-1]: ServerThread cleanup() end[0m
07/07/2025 15:45:31 [Project.Server.ServerThread] ([32mINFO[0m):
> [0;36mThread[3]: Sending to client: Payload[MESSAGE] Client Id [-1] Message: [Room[lobby]: Bob#2 disconnected][0m
07/07/2025 15:45:31 [Project.Server.ServerThread] ([32mINFO[0m):
> [0;36mThread[2]: Thread being disconnected by server[0m
07/07/2025 15:45:31 [Project.Server.ServerThread] ([32mINFO[0m):
> [0;36mThread[2]: ServerThread cleanup() start[0m
07/07/2025 15:45:31 [Project.Server.ServerThread] ([32mINFO[0m):
> [0;36mThread[-1]: Closed Server-side Socket[0m
07/07/2025 15:46:31 [Project.Server.Server] ([32mINFO[0m):
> Server Starting
07/07/2025 15:46:31 [Project.Server.Server] ([32mINFO[0m):
> [0;33mServer: Listening on port 3000[0m
07/07/2025 15:46:31 [Project.Server.Room] ([32mINFO[0m):
> [0;35mRoom[lobby]: Created[0m
07/07/2025 15:46:31 [Project.Server.Server] ([32mINFO[0m):
> [0;33mServer: Created new Room lobby[0m
07/07/2025 15:46:31 [Project.Server.Server] ([32mINFO[0m):
> [0;33mServer: Waiting for next client[0m
07/07/2025 15:46:52 [Project.Server.Server] ([32mINFO[0m):
> [0;33mServer: Client connected[0m
07/07/2025 15:46:52 [Project.Server.ServerThread] ([32mINFO[0m):
> [0;36mThread[-1]: ServerThread created[0m
07/07/2025 15:46:52 [Project.Server.Server] ([32mINFO[0m):
> [0;33mServer: Waiting for next client[0m
07/07/2025 15:46:52 [Project.Server.ServerThread] ([32mINFO[0m):
> [0;36mThread[-1]: Thread starting[0m
07/07/2025 15:46:52 [Project.Server.ServerThread] ([32mINFO[0m):
> [0;36mThread[-1]: Received from my client: Payload[CLIENT_CONNECT] Client Id [0] Message: [null] ClientName: [Alice][0m
07/07/2025 15:46:52 [Project.Server.ServerThread] ([32mINFO[0m):
> [0;36mThread[1]: Sending to client: Payload[CLIENT_ID] Client Id [1] Message: [null] ClientName: [Alice][0m
07/07/2025 15:46:52 [Project.Server.Server] ([32mINFO[0m):
> [0;33mServer: *Alice#1 initialized*[0m
07/07/2025 15:46:52 [Project.Server.ServerThread] ([32mINFO[0m):
> [0;36mThread[1]: Sending to client: Payload[ROOM_JOIN] Client Id [-1] Message: [null] ClientName: [null][0m
07/07/2025 15:46:52 [Project.Server.ServerThread] ([32mINFO[0m):
> [0;36mThread[1]: Sending to client: Payload[ROOM_JOIN] Client Id [1] Message: [null] ClientName: [Alice][0m
07/07/2025 15:46:52 [Project.Server.ServerThread] ([32mINFO[0m):
> [0;36mThread[1]: Sending to client: Payload[MESSAGE] Client Id [1] Message: [Room[lobby] You joined the room][0m
07/07/2025 15:46:52 [Project.Server.Server] ([32mINFO[0m):
> [0;33mServer: *Alice#1 added to Lobby*[0m
07/07/2025 15:46:52 [Project.Server.Server] ([32mINFO[0m):
> [0;33mServer: Client connected[0m
07/07/2025 15:46:52 [Project.Server.ServerThread] ([32mINFO[0m):
> [0;36mThread[-1]: ServerThread created[0m
07/07/2025 15:46:52 [Project.Server.Server] ([32mINFO[0m):
> [0;33mServer: Waiting for next client[0m
07/07/2025 15:46:52 [Project.Server.ServerThread] ([32mINFO[0m):
> [0;36mThread[-1]: Thread starting[0m
07/07/2025 15:46:52 [Project.Server.ServerThread] ([32mINFO[0m):
> [0;36mThread[-1]: Received from my client: Payload[CLIENT_CONNECT] Client Id [0] Message: [null] ClientName: [Bob][0m
07/07/2025 15:46:52 [Project.Server.ServerThread] ([32mINFO[0m):
> [0;36mThread[2]: Sending to client: Payload[CLIENT_ID] Client Id [2] Message: [null] ClientName: [Bob][0m
07/07/2025 15:46:52 [Project.Server.Server] ([32mINFO[0m):
> [0;33mServer: *Bob#2 initialized*[0m
07/07/2025 15:46:52 [Project.Server.ServerThread] ([32mINFO[0m):
> [0;36mThread[2]: Sending to client: Payload[ROOM_JOIN] Client Id [-1] Message: [null] ClientName: [null][0m
07/07/2025 15:46:52 [Project.Server.ServerThread] ([32mINFO[0m):
> [0;36mThread[2]: Sending to client: Payload[SYNC_CLIENT] Client Id [1] Message: [null] ClientName: [Alice][0m
07/07/2025 15:46:52 [Project.Server.ServerThread] ([32mINFO[0m):
> [0;36mThread[1]: Sending to client: Payload[ROOM_JOIN] Client Id [2] Message: [null] ClientName: [Bob][0m
07/07/2025 15:46:52 [Project.Server.ServerThread] ([32mINFO[0m):
> [0;36mThread[1]: Sending to client: Payload[MESSAGE] Client Id [2] Message: [Room[lobby] Bob#2 joined the room][0m
07/07/2025 15:46:52 [Project.Server.ServerThread] ([32mINFO[0m):
> [0;36mThread[2]: Sending to client: Payload[ROOM_JOIN] Client Id [2] Message: [null] ClientName: [Bob][0m
07/07/2025 15:46:52 [Project.Server.ServerThread] ([32mINFO[0m):
> [0;36mThread[2]: Sending to client: Payload[MESSAGE] Client Id [2] Message: [Room[lobby] You joined the room][0m
07/07/2025 15:46:52 [Project.Server.Server] ([32mINFO[0m):
> [0;33mServer: *Bob#2 added to Lobby*[0m
07/07/2025 15:46:54 [Project.Server.Server] ([32mINFO[0m):
> [0;33mServer: Client connected[0m
07/07/2025 15:46:54 [Project.Server.ServerThread] ([32mINFO[0m):
> [0;36mThread[-1]: ServerThread created[0m
07/07/2025 15:46:54 [Project.Server.Server] ([32mINFO[0m):
> [0;33mServer: Waiting for next client[0m
07/07/2025 15:46:54 [Project.Server.ServerThread] ([32mINFO[0m):
> [0;36mThread[-1]: Thread starting[0m
07/07/2025 15:46:54 [Project.Server.ServerThread] ([32mINFO[0m):
> [0;36mThread[-1]: Received from my client: Payload[CLIENT_CONNECT] Client Id [0] Message: [null] ClientName: [Charlie][0m
07/07/2025 15:46:54 [Project.Server.ServerThread] ([32mINFO[0m):
> [0;36mThread[3]: Sending to client: Payload[CLIENT_ID] Client Id [3] Message: [null] ClientName: [Charlie][0m
07/07/2025 15:46:54 [Project.Server.Server] ([32mINFO[0m):
> [0;33mServer: *Charlie#3 initialized*[0m
07/07/2025 15:46:54 [Project.Server.ServerThread] ([32mINFO[0m):
> [0;36mThread[3]: Sending to client: Payload[ROOM_JOIN] Client Id [-1] Message: [null] ClientName: [null][0m
07/07/2025 15:46:54 [Project.Server.ServerThread] ([32mINFO[0m):
> [0;36mThread[3]: Sending to client: Payload[SYNC_CLIENT] Client Id [1] Message: [null] ClientName: [Alice][0m
07/07/2025 15:46:54 [Project.Server.ServerThread] ([32mINFO[0m):
> [0;36mThread[3]: Sending to client: Payload[SYNC_CLIENT] Client Id [2] Message: [null] ClientName: [Bob][0m
07/07/2025 15:46:54 [Project.Server.ServerThread] ([32mINFO[0m):
> [0;36mThread[1]: Sending to client: Payload[ROOM_JOIN] Client Id [3] Message: [null] ClientName: [Charlie][0m
07/07/2025 15:46:54 [Project.Server.ServerThread] ([32mINFO[0m):
> [0;36mThread[1]: Sending to client: Payload[MESSAGE] Client Id [3] Message: [Room[lobby] Charlie#3 joined the room][0m
07/07/2025 15:46:54 [Project.Server.ServerThread] ([32mINFO[0m):
> [0;36mThread[2]: Sending to client: Payload[ROOM_JOIN] Client Id [3] Message: [null] ClientName: [Charlie][0m
07/07/2025 15:46:54 [Project.Server.ServerThread] ([32mINFO[0m):
> [0;36mThread[2]: Sending to client: Payload[MESSAGE] Client Id [3] Message: [Room[lobby] Charlie#3 joined the room][0m
07/07/2025 15:46:55 [Project.Server.ServerThread] ([32mINFO[0m):
> [0;36mThread[3]: Sending to client: Payload[ROOM_JOIN] Client Id [3] Message: [null] ClientName: [Charlie][0m
07/07/2025 15:46:55 [Project.Server.ServerThread] ([32mINFO[0m):
> [0;36mThread[3]: Sending to client: Payload[MESSAGE] Client Id [3] Message: [Room[lobby] You joined the room][0m
07/07/2025 15:46:55 [Project.Server.Server] ([32mINFO[0m):
> [0;33mServer: *Charlie#3 added to Lobby*[0m
07/07/2025 15:48:08 [Project.Server.ServerThread] ([32mINFO[0m):
> [0;36mThread[3]: IO exception while reading from client[0m
07/07/2025 15:48:08 [Project.Server.ServerThread] ([32mINFO[0m):
> [0;36mThread[1]: Sending to client: Payload[ROOM_LEAVE] Client Id [3] Message: [null] ClientName: [Charlie][0m
07/07/2025 15:48:08 [Project.Server.ServerThread] ([32mINFO[0m):
> [0;36mThread[2]: Sending to client: Payload[ROOM_LEAVE] Client Id [3] Message: [null] ClientName: [Charlie][0m
07/07/2025 15:48:08 [Project.Server.Room] ([32mINFO[0m):
> [0;35mRoom[lobby]: sending message to 2 recipients: Room[lobby]: Charlie#3 disconnected[0m
07/07/2025 15:48:08 [Project.Server.ServerThread] ([32mINFO[0m):
> [0;36mThread[1]: Sending to client: Payload[MESSAGE] Client Id [-1] Message: [Room[lobby]: Charlie#3 disconnected][0m
07/07/2025 15:48:08 [Project.Server.ServerThread] ([32mINFO[0m):
> [0;36mThread[2]: Sending to client: Payload[MESSAGE] Client Id [-1] Message: [Room[lobby]: Charlie#3 disconnected][0m
07/07/2025 15:48:08 [Project.Server.ServerThread] ([32mINFO[0m):
> [0;36mThread[3]: Thread being disconnected by server[0m
07/07/2025 15:48:08 [Project.Server.ServerThread] ([32mINFO[0m):
> [0;36mThread[3]: ServerThread cleanup() start[0m
07/07/2025 15:48:08 [Project.Server.ServerThread] ([32mINFO[0m):
> [0;36mThread[-1]: Closed Server-side Socket[0m
07/07/2025 15:48:08 [Project.Server.ServerThread] ([32mINFO[0m):
> [0;36mThread[-1]: ServerThread cleanup() end[0m
07/07/2025 15:48:08 [Project.Server.ServerThread] ([32mINFO[0m):
> [0;36mThread[-1]: Exited thread loop. Cleaning up connection[0m
07/07/2025 15:48:08 [Project.Server.ServerThread] ([32mINFO[0m):
> [0;36mThread[-1]: ServerThread cleanup() start[0m
07/07/2025 15:48:08 [Project.Server.ServerThread] ([32mINFO[0m):
> [0;36mThread[-1]: Closed Server-side Socket[0m
07/07/2025 15:48:08 [Project.Server.ServerThread] ([32mINFO[0m):
> [0;36mThread[-1]: ServerThread cleanup() end[0m
07/07/2025 15:48:09 [Project.Server.ServerThread] ([32mINFO[0m):
> [0;36mThread[2]: IO exception while reading from client[0m
07/07/2025 15:48:09 [Project.Server.ServerThread] ([32mINFO[0m):
> [0;36mThread[1]: Sending to client: Payload[ROOM_LEAVE] Client Id [2] Message: [null] ClientName: [Bob][0m
07/07/2025 15:48:09 [Project.Server.Room] ([32mINFO[0m):
> [0;35mRoom[lobby]: sending message to 1 recipients: Room[lobby]: Bob#2 disconnected[0m
07/07/2025 15:48:09 [Project.Server.ServerThread] ([32mINFO[0m):
> [0;36mThread[1]: Sending to client: Payload[MESSAGE] Client Id [-1] Message: [Room[lobby]: Bob#2 disconnected][0m
07/07/2025 15:48:09 [Project.Server.ServerThread] ([32mINFO[0m):
> [0;36mThread[2]: Thread being disconnected by server[0m
07/07/2025 15:48:09 [Project.Server.ServerThread] ([32mINFO[0m):
> [0;36mThread[2]: ServerThread cleanup() start[0m
07/07/2025 15:48:09 [Project.Server.ServerThread] ([32mINFO[0m):
> [0;36mThread[-1]: Closed Server-side Socket[0m
07/07/2025 15:48:09 [Project.Server.ServerThread] ([32mINFO[0m):
> [0;36mThread[-1]: ServerThread cleanup() end[0m
07/07/2025 15:48:09 [Project.Server.ServerThread] ([32mINFO[0m):
> [0;36mThread[-1]: Exited thread loop. Cleaning up connection[0m
07/07/2025 15:48:09 [Project.Server.ServerThread] ([32mINFO[0m):
> [0;36mThread[-1]: ServerThread cleanup() start[0m
07/07/2025 15:48:09 [Project.Server.ServerThread] ([32mINFO[0m):
> [0;36mThread[-1]: Closed Server-side Socket[0m
07/07/2025 15:48:09 [Project.Server.ServerThread] ([32mINFO[0m):
> [0;36mThread[-1]: ServerThread cleanup() end[0m
07/07/2025 15:48:12 [Project.Server.ServerThread] ([32mINFO[0m):
> [0;36mThread[1]: IO exception while reading from client[0m
07/07/2025 15:48:12 [Project.Server.Room] ([32mINFO[0m):
> [0;35mRoom[lobby]: sending message to 0 recipients: Room[lobby]: Alice#1 disconnected[0m
07/07/2025 15:48:12 [Project.Server.ServerThread] ([32mINFO[0m):
> [0;36mThread[1]: Thread being disconnected by server[0m
07/07/2025 15:48:12 [Project.Server.ServerThread] ([32mINFO[0m):
> [0;36mThread[1]: ServerThread cleanup() start[0m
07/07/2025 15:48:12 [Project.Server.ServerThread] ([32mINFO[0m):
> [0;36mThread[-1]: Closed Server-side Socket[0m
07/07/2025 15:48:12 [Project.Server.ServerThread] ([32mINFO[0m):
> [0;36mThread[-1]: ServerThread cleanup() end[0m
07/07/2025 15:48:12 [Project.Server.ServerThread] ([32mINFO[0m):
> [0;36mThread[-1]: Exited thread loop. Cleaning up connection[0m
07/07/2025 15:48:12 [Project.Server.ServerThread] ([32mINFO[0m):
> [0;36mThread[-1]: ServerThread cleanup() start[0m
07/07/2025 15:48:12 [Project.Server.ServerThread] ([32mINFO[0m):
> [0;36mThread[-1]: Closed Server-side Socket[0m
07/07/2025 15:48:12 [Project.Server.ServerThread] ([32mINFO[0m):
> [0;36mThread[-1]: ServerThread cleanup() end[0m
07/07/2025 15:48:14 [Project.Server.Server] ([32mINFO[0m):
> [0;33mServer: JVM is shutting down. Perform cleanup tasks.[0m
07/07/2025 15:48:14 [Project.Server.Room] ([32mINFO[0m):
> [0;35mRoom[lobby]: Disconnect All triggered[0m
07/07/2025 15:48:14 [Project.Server.Room] ([32mINFO[0m):
> [0;35mRoom[lobby]: Disconnect All finished[0m
